Failed to run `config` for indent-blankline.nvim

...m-data/lazy/indent-blankline.nvim/lua/ibl/highlights.lua:65: No highlight group 'AlphaFooter' found

# stacktrace:
  - indent-blankline.nvim\lua\ibl\highlights.lua:65 _in_ **setup**
  - indent-blankline.nvim\lua\ibl\init.lua:41 _in_ **setup**
  - indent-blankline.nvim\lua\ibl\init.lua:57 _in_ **setup**
  - ~/AppData/Local/nvim/lua/amal/plugins/indentblankline.lua:7 _in_ **config**
  - ~\AppData\Local\nvim/lua/amal/lazy.lua:16
  - ~\AppData\Local\nvim\init.lua:6
                         Failed to run `config` for zitchdog

...ta/Local/nvim-data/lazy/zitchdog/lua/zitchdog/groups.lua:7: module 'zitchdog.groups.editor' not found:
	no field package.preload['zitchdog.groups.editor']
	cache_loader: module 'zitchdog.groups.editor' not found
	cache_loader_lib: module 'zitchdog.groups.editor' not found
	no file '.\zitchdog\groups\editor.lua'
	no file 'C:\Users\amall\scoop\apps\neovim\current\bin\lua\zitchdog\groups\editor.lua'
	no file 'C:\Users\amall\scoop\apps\neovim\current\bin\lua\zitchdog\groups\editor\init.lua'
	no file '.\zitchdog\groups\editor.dll'
	no file 'C:\Users\amall\scoop\apps\neovim\current\bin\zitchdog\groups\editor.dll'
	no file 'C:\Users\amall\scoop\apps\neovim\current\bin\loadall.dll'
	no file '.\zitchdog.dll'
	no file 'C:\Users\amall\scoop\apps\neovim\current\bin\zitchdog.dll'
	no file 'C:\Users\amall\scoop\apps\neovim\current\bin\loadall.dll'

# stacktrace:
  - zitchdog\lua\zitchdog\groups.lua:7 _in_ **createGroups**
  - zitchdog\lua\zitchdog\common\core.lua:106 _in_ **createTheme**
  - zitchdog\lua\zitchdog\init.lua:22 _in_ **load**
  - ~/AppData/Local/nvim/lua/amal/plugins/colors.lua:7 _in_ **config**
  - ~\AppData\Local\nvim/lua/amal/lazy.lua:16
  - ~\AppData\Local\nvim\init.lua:6
